******************************************************************************
                     PRU Linker PC v2.3.3                      
******************************************************************************
>> Linked Wed Apr 27 15:57:06 2022

OUTPUT FILE NAME:   <[PRU] PRU0_PRU1_INT.out>
ENTRY POINT SYMBOL: "_c_int00_noinit_noargs"  address: 00000000


MEMORY CONFIGURATION

         name            origin    length      used     unused   attr    fill
----------------------  --------  ---------  --------  --------  ----  --------
PAGE 0:
  PRUIRAM               00000000   00001000  0000009c  00000f64  RWIX

PAGE 1:
  PRUDRAM               00000000   00000200  00000080  00000180  RWIX


SECTION ALLOCATION MAP

 output                                  attributes/
section   page    origin      length       input sections
--------  ----  ----------  ----------   ----------------
.text:_c_int00* 
*          0    00000000    0000001c     
                  00000000    0000001c     rtspruv1_le.lib : boot.c.obj (.text:_c_int00_noinit_noargs)

.text      0    0000001c    00000080     
                  0000001c    00000034     main.obj (.text:Delay)
                  00000050    00000020     main.obj (.text:main)
                  00000070    0000001c     Interrupt.lib : interrupt.obj (.text:IntSystemEventGenerate)
                  0000008c    00000008     rtspruv1_le.lib : exit.c.obj (.text:abort)
                  00000094    00000008                     : exit.c.obj (.text:loader_exit)

.cinit     0    00000000    00000000     UNINITIALIZED

.stack     1    00000000    00000080     UNINITIALIZED
                  00000000    00000004     rtspruv1_le.lib : boot.c.obj (.stack)
                  00000004    0000007c     --HOLE--

MODULE SUMMARY

       Module          code   ro data   rw data
       ------          ----   -------   -------
    .\
       main.obj        84     0         0      
    +--+---------------+------+---------+---------+
       Total:          84     0         0      
                                               
    ../../Library/PRU/Interrupt/Debug/Interrupt.lib
       interrupt.obj   28     0         0      
    +--+---------------+------+---------+---------+
       Total:          28     0         0      
                                               
    C:\ti\ti-cgt-pru_2.3.3\lib\rtspruv1_le.lib
       boot.c.obj      28     0         0      
       exit.c.obj      16     0         0      
    +--+---------------+------+---------+---------+
       Total:          44     0         0      
                                               
       Stack:          0      0         128    
    +--+---------------+------+---------+---------+
       Grand Total:    156    0         128    


SEGMENT ATTRIBUTES

    id tag      seg value
    -- ---      --- -----
     0 PHA_PAGE 1   1    


GLOBAL SYMBOLS: SORTED ALPHABETICALLY BY Name 

page  address   name                  
----  -------   ----                  
0     00000094  C$$EXIT               
0     00000070  IntSystemEventGenerate
1     00000080  __TI_STACK_END        
abs   00000080  __TI_STACK_SIZE       
abs   ffffffff  __c_args__            
0     00000000  _c_int00_noinit_noargs
1     00000000  _stack                
0     0000008c  abort                 
0     00000050  main                  


GLOBAL SYMBOLS: SORTED BY Symbol Address 

page  address   name                  
----  -------   ----                  
0     00000000  _c_int00_noinit_noargs
0     00000050  main                  
0     00000070  IntSystemEventGenerate
0     0000008c  abort                 
0     00000094  C$$EXIT               
1     00000000  _stack                
1     00000080  __TI_STACK_END        
abs   00000080  __TI_STACK_SIZE       
abs   ffffffff  __c_args__            

[9 symbols]
