******************************************************************************
               TMS320C6x Linker PC v8.3.12                     
******************************************************************************
>> Linked Wed Apr 27 16:34:40 2022

OUTPUT FILE NAME:   <[DSP] PRU_DSP_SharedRegion.out>
ENTRY POINT SYMBOL: "_c_int00"  address: 11808a80


MEMORY CONFIGURATION

         name            origin    length      used     unused   attr    fill
----------------------  --------  ---------  --------  --------  ----  --------
  DSPL2RAM              11800000   00040000  0000ba50  000345b0  RWIX
  SHRAM                 80000000   00020000  00000000  00020000  RWIX
  DDR2                  c0000000   08000000  00000000  08000000  RWIX


SEGMENT ALLOCATION MAP

run origin  load origin   length   init length attrs members
----------  ----------- ---------- ----------- ----- -------
11800000    11800000    00009020   00009020    r-x
  11800000    11800000    00009020   00009020    r-x .text
11809020    11809020    000026a4   00000000    rw-
  11809020    11809020    00001000   00000000    rw- .stack
  1180a020    1180a020    00001000   00000000    rw- .sysmem
  1180b020    1180b020    00000388   00000000    rw- .far
  1180b3a8    1180b3a8    0000031c   00000000    rw- .fardata
1180b6c8    1180b6c8    00000174   00000174    r--
  1180b6c8    1180b6c8    00000174   00000174    r-- .const
1180b840    1180b840    00000120   00000000    rw-
  1180b840    1180b840    00000120   00000000    rw- .cio
1180b960    1180b960    00000038   00000038    r--
  1180b960    1180b960    00000038   00000038    r-- .switch
1180b998    1180b998    00000008   00000000    rw-
  1180b998    1180b998    00000001   00000000    rw- .neardata
  1180b99c    1180b99c    00000004   00000000    rw- .bss
1180b9a0    1180b9a0    000000b8   000000b8    r--
  1180b9a0    1180b9a0    000000b8   000000b8    r-- .cinit


SECTION ALLOCATION MAP

 output                                  attributes/
section   page    origin      length       input sections
--------  ----  ----------  ----------   ----------------
.text      0    11800000    00009020     
                  11800000    000020c0     rts6740_elf.lib : _printfi.c.obj (.text:__TI_printfi)
                  118020c0    00001aa0     system_config.lib : interrupt.obj (.text:retain)
                  11803b60    00000660     rts6740_elf.lib : _printfi.c.obj (.text:_pconv_a)
                  118041c0    00000600                     : divd.c.obj (.text:__c6xabi_divd)
                  118047c0    000005e0     system_config.lib : interrupt.obj (.text)
                  11804da0    00000400     rts6740_elf.lib : _printfi.c.obj (.text:_pconv_g)
                  118051a0    000003c0                     : memory.c.obj (.text:free)
                  11805560    000002e0                     : fputs.c.obj (.text:fputs)
                  11805840    000002a0                     : _printfi.c.obj (.text:_pconv_e)
                  11805ae0    000002a0                     : _printfi.c.obj (.text:fcvt)
                  11805d80    00000260                     : imath64.c.obj (.text:__c6xabi_divull)
                  11805fe0    00000200                     : _printfi.c.obj (.text:_ltostr)
                  118061e0    000001c0                     : imath40.c.obj (.text:__c6xabi_divul)
                  118063a0    00000060                     : trgmsg.c.obj (.text:__TI_writemsg)
                  11806400    00000200     system_config.lib : intvecs.obj (.text)
                  11806600    000001c0     rts6740_elf.lib : fputc.c.obj (.text:fputc)
                  118067c0    000001c0                     : frexp.c.obj (.text:frexp)
                  11806980    000001c0                     : ldexp.c.obj (.text:ldexp)
                  11806b40    000001c0                     : memory.c.obj (.text:malloc)
                  11806d00    000001c0                     : setvbuf.c.obj (.text:setvbuf)
                  11806ec0    000001a0                     : hostrename.c.obj (.text:HOSTrename)
                  11807060    00000120                     : _printfi.c.obj (.text:_pconv_f)
                  11807180    00000120                     : getdevice.c.obj (.text:getdevice)
                  118072a0    00000120     main.obj (.text)
                  118073c0    00000100     rts6740_elf.lib : fclose.c.obj (.text:__TI_closefile)
                  118074c0    00000100                     : copy_decompress_rle.c.obj (.text:__TI_decompress_rle_core)
                  118075c0    00000100                     : _printfi.c.obj (.text:_mcpy)
                  118076c0    00000100                     : atoi.c.obj (.text:atoi)
                  118077c0    00000100                     : fseek.c.obj (.text:fseek)
                  118078c0    000000e0                     : hostlseek.c.obj (.text:HOSTlseek)
                  118079a0    000000e0                     : hostopen.c.obj (.text:HOSTopen)
                  11807a80    000000e0                     : hostwrite.c.obj (.text:HOSTwrite)
                  11807b60    000000e0                     : _ltoa.c.obj (.text:__TI_ltoa)
                  11807c40    000000e0                     : _io_perm.c.obj (.text:__TI_wrt_ok)
                  11807d20    000000e0                     : close.c.obj (.text:close)
                  11807e00    000000e0                     : exit.c.obj (.text:exit)
                  11807ee0    000000e0                     : memset.c.obj (.text:memset)
                  11807fc0    000000e0                     : printf.c.obj (.text:printf)
                  118080a0    000000c0                     : hostread.c.obj (.text:HOSTread)
                  11808160    000000c0                     : hostunlink.c.obj (.text:HOSTunlink)
                  11808220    000000c0                     : autoinit.c.obj (.text:__TI_auto_init_nobinit_nopinit:__TI_auto_init_nobinit_nopinit)
                  118082e0    000000c0                     : divu.asm.obj (.text:__divu)
                  118083a0    000000c0                     : memory.c.obj (.text:mremove)
                  11808460    000000c0                     : tls.c.obj (.text:tls:init:__TI_tls_init)
                  11808520    000000a0                     : hostclose.c.obj (.text:HOSTclose)
                  118085c0    000000a0                     : fopen.c.obj (.text:__TI_cleanup)
                  11808660    000000a0                     : fflush.c.obj (.text:__TI_doflush)
                  11808700    000000a0                     : _printfi.c.obj (.text:_ecpy)
                  118087a0    000000a0                     : getdevice.c.obj (.text:finddevice)
                  11808840    000000a0                     : memcpy64.asm.obj (.text:memcpy)
                  118088e0    000000a0                     : memory.c.obj (.text:minsert)
                  11808980    00000080                     : trgmsg.c.obj (.text:__TI_readmsg)
                  11808a00    00000080                     : llshift.c.obj (.text:__c6xabi_llshl)
                  11808a80    00000080                     : boot.c.obj (.text:_c_int00)
                  11808b00    00000080                     : unlink.c.obj (.text:unlink)
                  11808b80    00000060                     : llshift.c.obj (.text:__c6xabi_llshru)
                  11808be0    00000060                     : imath64.c.obj (.text:_subcull)
                  11808c40    00000060                     : lseek.c.obj (.text:lseek)
                  11808ca0    00000060                     : memccpy.c.obj (.text:memccpy)
                  11808d00    00000060                     : write.c.obj (.text:write)
                  11808d60    00000040                     : frcmpyd_div.c.obj (.text:__TI_frcmpyd_div)
                  11808da0    00000040                     : isinf.c.obj (.text:__c6xabi_isinf)
                  11808de0    00000040                     : _printfi.c.obj (.text:__c6xabi_isnan)
                  11808e20    00000040                     : args_main.c.obj (.text:_args_main)
                  11808e60    00000040                     : wcslen.c.obj (.text:wcslen)
                  11808ea0    00000020                     : errno.c.obj (.text:__c6xabi_errno_addr)
                  11808ec0    00000020                     : push.asm.obj (.text:__pop_rts)
                  11808ee0    00000020                     : push.asm.obj (.text:__push_rts)
                  11808f00    00000020                     : _lock.c.obj (.text:_nop)
                  11808f20    00000020                     : printf.c.obj (.text:_outc)
                  11808f40    00000020                     : printf.c.obj (.text:_outs)
                  11808f60    00000020                     : signbit.c.obj (.text:_signbit)
                  11808f80    00000020                     : startup.c.obj (.text:_system_post_cinit)
                  11808fa0    00000020                     : pre_init.c.obj (.text:_system_pre_init)
                  11808fc0    00000020                     : exit.c.obj (.text:abort)
                  11808fe0    00000020                     : copy_decompress_none.c.obj (.text:decompress:none:__TI_decompress_none)
                  11809000    00000020                     : copy_decompress_rle.c.obj (.text:decompress:rle24:__TI_decompress_rle24)

.stack     0    11809020    00001000     UNINITIALIZED
                  11809020    00000008     rts6740_elf.lib : boot.c.obj (.stack)
                  11809028    00000ff8     --HOLE--

.cio       0    1180b840    00000120     UNINITIALIZED
                  1180b840    00000120     rts6740_elf.lib : trgmsg.c.obj (.cio)

.const     0    1180b6c8    00000174     
                  1180b6c8    00000101     rts6740_elf.lib : ctype.c.obj (.const:.string:_ctypes_)
                  1180b7c9    00000003     --HOLE-- [fill = 0]
                  1180b7cc    0000004c     main.obj (.const:.string)
                  1180b818    00000024     rts6740_elf.lib : _printfi.c.obj (.const:.string)

.sysmem    0    1180a020    00001000     UNINITIALIZED
                  1180a020    00000008     rts6740_elf.lib : memory.c.obj (.sysmem)
                  1180a028    00000ff8     --HOLE--

.far       0    1180b020    00000388     UNINITIALIZED
                  1180b020    00000240     system_config.lib : interrupt.obj (.far)
                  1180b260    00000140     (.common:__TI_tmpnams)
                  1180b3a0    00000008     (.common:parmbuf)

.switch    0    1180b960    00000038     
                  1180b960    00000038     rts6740_elf.lib : _printfi.c.obj (.switch:__TI_printfi)

.cinit     0    1180b9a0    000000b8     
                  1180b9a0    0000006f     (.cinit..fardata.load) [load image, compression = rle]
                  1180ba0f    0000000b     (.cinit..far.load) [load image, compression = rle]
                  1180ba1a    00000009     (.cinit..bss.load) [load image, compression = rle]
                  1180ba23    00000001     --HOLE-- [fill = 0]
                  1180ba24    00000008     (__TI_handler_table)
                  1180ba2c    00000007     (.cinit..neardata.load) [load image, compression = rle]
                  1180ba33    00000005     --HOLE-- [fill = 0]
                  1180ba38    00000020     (__TI_cinit_table)

.init_array 
*          0    11800000    00000000     UNINITIALIZED

.fardata   0    1180b3a8    0000031c     UNINITIALIZED
                  1180b3a8    000001e0     rts6740_elf.lib : defs.c.obj (.fardata:_ftable)
                  1180b588    000000a0                     : write.c.obj (.fardata:_stream)
                  1180b628    00000078                     : write.c.obj (.fardata:_device)
                  1180b6a0    0000000c                     : exit.c.obj (.fardata)
                  1180b6ac    00000008                     : memory.c.obj (.fardata)
                  1180b6b4    00000004                     : _lock.c.obj (.fardata:_lock)
                  1180b6b8    00000004                     : _lock.c.obj (.fardata:_unlock)
                  1180b6bc    00000004                     : defs.c.obj (.fardata)
                  1180b6c0    00000004                     : errno.c.obj (.fardata)

.neardata 
*          0    1180b998    00000001     UNINITIALIZED
                  1180b998    00000001     main.obj (.neardata)

.rodata    0    1180b999    00000000     UNINITIALIZED

.bss       0    1180b99c    00000004     UNINITIALIZED
                  1180b99c    00000004     (.common:sr)

MODULE SUMMARY

       Module                       code    ro data   rw data
       ------                       ----    -------   -------
    .\
       main.obj                     288     76        5      
    +--+----------------------------+-------+---------+---------+
       Total:                       288     76        5      
                                                             
    ../../Library/DSP/StarterWare/SystemConfig/Debug/system_config.lib
       interrupt.obj                8320    0         576    
       intvecs.obj                  512     0         0      
    +--+----------------------------+-------+---------+---------+
       Total:                       8832    0         576    
                                                             
    C:\ti\ti-cgt-c6000_8.3.12\lib\rts6740_elf.lib
       _printfi.c.obj               13664   92        0      
       memory.c.obj                 1760    0         8      
       divd.c.obj                   1536    0         0      
       defs.c.obj                   0       0         804    
       fputs.c.obj                  736     0         0      
       imath64.c.obj                704     0         0      
       trgmsg.c.obj                 224     0         288    
       fputc.c.obj                  448     0         0      
       frexp.c.obj                  448     0         0      
       getdevice.c.obj              448     0         0      
       imath40.c.obj                448     0         0      
       ldexp.c.obj                  448     0         0      
       setvbuf.c.obj                448     0         0      
       hostrename.c.obj             416     0         0      
       write.c.obj                  96      0         280    
       copy_decompress_rle.c.obj    288     0         0      
       printf.c.obj                 288     0         0      
       exit.c.obj                   256     0         12     
       ctype.c.obj                  0       257       0      
       atoi.c.obj                   256     0         0      
       fclose.c.obj                 256     0         0      
       fseek.c.obj                  256     0         0      
       hostopen.c.obj               224     0         8      
       _io_perm.c.obj               224     0         0      
       _ltoa.c.obj                  224     0         0      
       close.c.obj                  224     0         0      
       hostlseek.c.obj              224     0         0      
       hostwrite.c.obj              224     0         0      
       llshift.c.obj                224     0         0      
       memset.c.obj                 224     0         0      
       autoinit.c.obj               192     0         0      
       divu.asm.obj                 192     0         0      
       hostread.c.obj               192     0         0      
       hostunlink.c.obj             192     0         0      
       tls.c.obj                    192     0         0      
       fflush.c.obj                 160     0         0      
       fopen.c.obj                  160     0         0      
       hostclose.c.obj              160     0         0      
       memcpy64.asm.obj             160     0         0      
       boot.c.obj                   128     0         0      
       unlink.c.obj                 128     0         0      
       lseek.c.obj                  96      0         0      
       memccpy.c.obj                96      0         0      
       args_main.c.obj              64      0         0      
       frcmpyd_div.c.obj            64      0         0      
       isinf.c.obj                  64      0         0      
       push.asm.obj                 64      0         0      
       wcslen.c.obj                 64      0         0      
       _lock.c.obj                  32      0         8      
       errno.c.obj                  32      0         4      
       copy_decompress_none.c.obj   32      0         0      
       pre_init.c.obj               32      0         0      
       signbit.c.obj                32      0         0      
       startup.c.obj                32      0         0      
    +--+----------------------------+-------+---------+---------+
       Total:                       27776   349       1412   
                                                             
       Heap:                        0       0         4096   
       Stack:                       0       0         4096   
       Linker Generated:            0       178       0      
    +--+----------------------------+-------+---------+---------+
       Grand Total:                 36896   603       10185  


LINKER GENERATED COPY TABLES

__TI_cinit_table @ 1180ba38 records: 4, size/record: 8, table size: 32
	.fardata: load addr=1180b9a0, load size=0000006f bytes, run addr=1180b3a8, run size=0000031c bytes, compression=rle
	.far: load addr=1180ba0f, load size=0000000b bytes, run addr=1180b020, run size=00000388 bytes, compression=rle
	.bss: load addr=1180ba1a, load size=00000009 bytes, run addr=1180b99c, run size=00000004 bytes, compression=rle
	.neardata: load addr=1180ba2c, load size=00000007 bytes, run addr=1180b998, run size=00000001 bytes, compression=rle


LINKER GENERATED HANDLER TABLE

__TI_handler_table @ 1180ba24 records: 2, size/record: 4, table size: 8
	index: 0, handler: __TI_decompress_rle24
	index: 1, handler: __TI_decompress_none


GLOBAL SYMBOLS: SORTED ALPHABETICALLY BY Name 

address   name                           
-------   ----                           
11808fc0  C$$EXIT                        
118063f8  C$$IO$$                        
11804c18  ExcCombineAdd                  
11804c60  ExcCombineRemove               
11804bf8  ExcGlobalEnable                
1180b998  Flag                           
11808520  HOSTclose                      
118078c0  HOSTlseek                      
118079a0  HOSTopen                       
118080a0  HOSTread                       
11806ec0  HOSTrename                     
11808160  HOSTunlink                     
11807a80  HOSTwrite                      
118047c0  IntDSPINTCInit                 
11804b70  IntDisable                     
11804b40  IntEnable                      
11804938  IntEventClear                  
11804a74  IntEventCombineAdd             
11804970  IntEventCombineInit            
11804b18  IntEventCombineRegister        
11804ac8  IntEventCombineRemove          
1180487c  IntEventMap                    
11804904  IntEventSet                    
11804bcc  IntGlobalDisable               
11804bb8  IntGlobalEnable                
11804be0  IntGlobalRestore               
11804830  IntRegister                    
11804ba4  IntReset                       
11804854  IntUnRegister                  
118072b4  InterruptInit                  
118072a0  PRUIsr                         
1180b840  __CIOBUF_                      
1180ba38  __TI_CINIT_Base                
1180ba58  __TI_CINIT_Limit               
1180ba24  __TI_Handler_Table_Base        
1180ba2c  __TI_Handler_Table_Limit       
1180a020  __TI_STACK_END                 
00001000  __TI_STACK_SIZE                
1180b998  __TI_STATIC_BASE               
00001000  __TI_SYSMEM_SIZE               
UNDEFED   __TI_TLS_INIT_Base             
UNDEFED   __TI_TLS_INIT_Limit            
11808220  __TI_auto_init_nobinit_nopinit 
118085c0  __TI_cleanup                   
1180b6a0  __TI_cleanup_ptr               
118073c0  __TI_closefile                 
11808fe0  __TI_decompress_none           
11809000  __TI_decompress_rle24          
11808660  __TI_doflush                   
1180b6a4  __TI_dtors_ptr                 
1180b6a8  __TI_enable_exit_profile_output
11808d60  __TI_frcmpyd_div               
1180b6bc  __TI_ft_end                    
11807b60  __TI_ltoa                      
ffffffff  __TI_pprof_out_hndl            
11800000  __TI_printfi                   
ffffffff  __TI_prof_data_size            
ffffffff  __TI_prof_data_start           
11808980  __TI_readmsg                   
11808460  __TI_tls_init                  
1180b260  __TI_tmpnams                   
118063a0  __TI_writemsg                  
11807c40  __TI_wrt_ok                    
ffffffff  __binit__                      
118041c0  __c6xabi_divd                  
118082e0  __c6xabi_divu                  
118061e0  __c6xabi_divul                 
11805d80  __c6xabi_divull                
11808ea0  __c6xabi_errno_addr            
11808da0  __c6xabi_isinf                 
11808a00  __c6xabi_llshl                 
11808b80  __c6xabi_llshru                
11808ec0  __c6xabi_pop_rts               
11808ee0  __c6xabi_push_rts              
ffffffff  __c_args__                     
118082e0  __divu                         
1180b6c0  __errno                        
11808ec0  __pop_rts                      
11808ee0  __push_rts                     
11808e20  _args_main                     
118030b8  _c674x_mask_int10_isr          
11803280  _c674x_mask_int11_isr          
11803444  _c674x_mask_int12_isr          
11803608  _c674x_mask_int13_isr          
118037d0  _c674x_mask_int14_isr          
11803998  _c674x_mask_int15_isr          
11802610  _c674x_mask_int4_isr           
118027d8  _c674x_mask_int5_isr           
118029a0  _c674x_mask_int6_isr           
11802b64  _c674x_mask_int7_isr           
11802d28  _c674x_mask_int8_isr           
11802ef0  _c674x_mask_int9_isr           
118020c0  _c674x_nmi_isr                 
11802284  _c674x_rsvd_int2_isr           
11802448  _c674x_rsvd_int3_isr           
11808a80  _c_int00                       
1180b6c8  _ctypes_                       
1180b628  _device                        
1180b3a8  _ftable                        
11806400  _intcVectorTable               
1180b6b4  _lock                          
11808f00  _nop                           
11808f60  _signbit                       
11809020  _stack                         
1180b588  _stream                        
11808be0  _subcull                       
1180a020  _sys_memory                    
11808f80  _system_post_cinit             
11808fa0  _system_pre_init               
1180b6b8  _unlock                        
11808fc0  abort                          
118076c0  atoi                           
ffffffff  binit                          
11807d20  close                          
1180b6c0  errno                          
11807e00  exit                           
118087a0  finddevice                     
11806600  fputc                          
11805560  fputs                          
118051a0  free                           
118067c0  frexp                          
118067c0  frexpl                         
118077c0  fseek                          
11807180  getdevice                      
11806980  ldexp                          
11806980  ldexpl                         
11808c40  lseek                          
118072ec  main                           
11806b40  malloc                         
11808ca0  memccpy                        
11808840  memcpy                         
11807ee0  memset                         
1180b3a0  parmbuf                        
11807fc0  printf                         
11806600  putc                           
11808b00  remove                         
11806980  scalbn                         
11806980  scalbnl                        
11806d00  setvbuf                        
1180b99c  sr                             
11808b00  unlink                         
11808e60  wcslen                         
11808d00  write                          


GLOBAL SYMBOLS: SORTED BY Symbol Address 

address   name                           
-------   ----                           
00001000  __TI_STACK_SIZE                
00001000  __TI_SYSMEM_SIZE               
11800000  __TI_printfi                   
118020c0  _c674x_nmi_isr                 
11802284  _c674x_rsvd_int2_isr           
11802448  _c674x_rsvd_int3_isr           
11802610  _c674x_mask_int4_isr           
118027d8  _c674x_mask_int5_isr           
118029a0  _c674x_mask_int6_isr           
11802b64  _c674x_mask_int7_isr           
11802d28  _c674x_mask_int8_isr           
11802ef0  _c674x_mask_int9_isr           
118030b8  _c674x_mask_int10_isr          
11803280  _c674x_mask_int11_isr          
11803444  _c674x_mask_int12_isr          
11803608  _c674x_mask_int13_isr          
118037d0  _c674x_mask_int14_isr          
11803998  _c674x_mask_int15_isr          
118041c0  __c6xabi_divd                  
118047c0  IntDSPINTCInit                 
11804830  IntRegister                    
11804854  IntUnRegister                  
1180487c  IntEventMap                    
11804904  IntEventSet                    
11804938  IntEventClear                  
11804970  IntEventCombineInit            
11804a74  IntEventCombineAdd             
11804ac8  IntEventCombineRemove          
11804b18  IntEventCombineRegister        
11804b40  IntEnable                      
11804b70  IntDisable                     
11804ba4  IntReset                       
11804bb8  IntGlobalEnable                
11804bcc  IntGlobalDisable               
11804be0  IntGlobalRestore               
11804bf8  ExcGlobalEnable                
11804c18  ExcCombineAdd                  
11804c60  ExcCombineRemove               
118051a0  free                           
11805560  fputs                          
11805d80  __c6xabi_divull                
118061e0  __c6xabi_divul                 
118063a0  __TI_writemsg                  
118063f8  C$$IO$$                        
11806400  _intcVectorTable               
11806600  fputc                          
11806600  putc                           
118067c0  frexp                          
118067c0  frexpl                         
11806980  ldexp                          
11806980  ldexpl                         
11806980  scalbn                         
11806980  scalbnl                        
11806b40  malloc                         
11806d00  setvbuf                        
11806ec0  HOSTrename                     
11807180  getdevice                      
118072a0  PRUIsr                         
118072b4  InterruptInit                  
118072ec  main                           
118073c0  __TI_closefile                 
118076c0  atoi                           
118077c0  fseek                          
118078c0  HOSTlseek                      
118079a0  HOSTopen                       
11807a80  HOSTwrite                      
11807b60  __TI_ltoa                      
11807c40  __TI_wrt_ok                    
11807d20  close                          
11807e00  exit                           
11807ee0  memset                         
11807fc0  printf                         
118080a0  HOSTread                       
11808160  HOSTunlink                     
11808220  __TI_auto_init_nobinit_nopinit 
118082e0  __c6xabi_divu                  
118082e0  __divu                         
11808460  __TI_tls_init                  
11808520  HOSTclose                      
118085c0  __TI_cleanup                   
11808660  __TI_doflush                   
118087a0  finddevice                     
11808840  memcpy                         
11808980  __TI_readmsg                   
11808a00  __c6xabi_llshl                 
11808a80  _c_int00                       
11808b00  remove                         
11808b00  unlink                         
11808b80  __c6xabi_llshru                
11808be0  _subcull                       
11808c40  lseek                          
11808ca0  memccpy                        
11808d00  write                          
11808d60  __TI_frcmpyd_div               
11808da0  __c6xabi_isinf                 
11808e20  _args_main                     
11808e60  wcslen                         
11808ea0  __c6xabi_errno_addr            
11808ec0  __c6xabi_pop_rts               
11808ec0  __pop_rts                      
11808ee0  __c6xabi_push_rts              
11808ee0  __push_rts                     
11808f00  _nop                           
11808f60  _signbit                       
11808f80  _system_post_cinit             
11808fa0  _system_pre_init               
11808fc0  C$$EXIT                        
11808fc0  abort                          
11808fe0  __TI_decompress_none           
11809000  __TI_decompress_rle24          
11809020  _stack                         
1180a020  __TI_STACK_END                 
1180a020  _sys_memory                    
1180b260  __TI_tmpnams                   
1180b3a0  parmbuf                        
1180b3a8  _ftable                        
1180b588  _stream                        
1180b628  _device                        
1180b6a0  __TI_cleanup_ptr               
1180b6a4  __TI_dtors_ptr                 
1180b6a8  __TI_enable_exit_profile_output
1180b6b4  _lock                          
1180b6b8  _unlock                        
1180b6bc  __TI_ft_end                    
1180b6c0  __errno                        
1180b6c0  errno                          
1180b6c8  _ctypes_                       
1180b840  __CIOBUF_                      
1180b998  Flag                           
1180b998  __TI_STATIC_BASE               
1180b99c  sr                             
1180ba24  __TI_Handler_Table_Base        
1180ba2c  __TI_Handler_Table_Limit       
1180ba38  __TI_CINIT_Base                
1180ba58  __TI_CINIT_Limit               
ffffffff  __TI_pprof_out_hndl            
ffffffff  __TI_prof_data_size            
ffffffff  __TI_prof_data_start           
ffffffff  __binit__                      
ffffffff  __c_args__                     
ffffffff  binit                          
UNDEFED   __TI_TLS_INIT_Base             
UNDEFED   __TI_TLS_INIT_Limit            

[143 symbols]
