******************************************************************************
                     PRU Linker PC v2.3.3                      
******************************************************************************
>> Linked Tue Apr 26 17:38:07 2022

OUTPUT FILE NAME:   <[PRU] PRU_DSP_INT.out>
ENTRY POINT SYMBOL: "_c_int00_noinit_noargs"  address: 00000000


MEMORY CONFIGURATION

         name            origin    length      used     unused   attr    fill
----------------------  --------  ---------  --------  --------  ----  --------
PAGE 0:
  PRUIRAM               00000000   00001000  000002a8  00000d58  RWIX

PAGE 1:
  PRUDRAM               00000000   00000200  00000080  00000180  RWIX


SECTION ALLOCATION MAP

 output                                  attributes/
section   page    origin      length       input sections
--------  ----  ----------  ----------   ----------------
.text:_c_int00* 
*          0    00000000    0000001c     
                  00000000    0000001c     rtspruv1_le.lib : boot.c.obj (.text:_c_int00_noinit_noargs)

.text      0    0000001c    0000028c     
                  0000001c    00000138     Interrupt.lib : interrupt.obj (.text:IntEventMap)
                  00000154    00000044     main.obj (.text:InterruptInit)
                  00000198    00000034     main.obj (.text:Delay)
                  000001cc    0000002c     main.obj (.text:main)
                  000001f8    00000020     Interrupt.lib : interrupt.obj (.text:IntEventEnable)
                  00000218    00000020                   : interrupt.obj (.text:IntHostEnable)
                  00000238    00000020                   : interrupt.obj (.text:IntSystemEventClear)
                  00000258    0000001c                   : interrupt.obj (.text:IntSystemEventGenerate)
                  00000274    00000014                   : interrupt.obj (.text:IntGlobalEnable)
                  00000288    00000010                   : interrupt.obj (.text:IntHostStatusClear)
                  00000298    00000008     rtspruv1_le.lib : exit.c.obj (.text:abort)
                  000002a0    00000008                     : exit.c.obj (.text:loader_exit)

.cinit     0    00000000    00000000     UNINITIALIZED

.stack     1    00000000    00000080     UNINITIALIZED
                  00000000    00000004     rtspruv1_le.lib : boot.c.obj (.stack)
                  00000004    0000007c     --HOLE--

MODULE SUMMARY

       Module          code   ro data   rw data
       ------          ----   -------   -------
    .\
       main.obj        164    0         0      
    +--+---------------+------+---------+---------+
       Total:          164    0         0      
                                               
    ../../Library/PRU/Interrupt/Debug/Interrupt.lib
       interrupt.obj   472    0         0      
    +--+---------------+------+---------+---------+
       Total:          472    0         0      
                                               
    C:\ti\ti-cgt-pru_2.3.3\lib\rtspruv1_le.lib
       boot.c.obj      28     0         0      
       exit.c.obj      16     0         0      
    +--+---------------+------+---------+---------+
       Total:          44     0         0      
                                               
       Stack:          0      0         128    
    +--+---------------+------+---------+---------+
       Grand Total:    680    0         128    


SEGMENT ATTRIBUTES

    id tag      seg value
    -- ---      --- -----
     0 PHA_PAGE 1   1    


GLOBAL SYMBOLS: SORTED ALPHABETICALLY BY Name 

page  address   name                  
----  -------   ----                  
0     000002a0  C$$EXIT               
0     000001f8  IntEventEnable        
0     0000001c  IntEventMap           
0     00000274  IntGlobalEnable       
0     00000218  IntHostEnable         
0     00000288  IntHostStatusClear    
0     00000238  IntSystemEventClear   
0     00000258  IntSystemEventGenerate
0     00000154  InterruptInit         
1     00000080  __TI_STACK_END        
abs   00000080  __TI_STACK_SIZE       
abs   ffffffff  __c_args__            
0     00000000  _c_int00_noinit_noargs
1     00000000  _stack                
0     00000298  abort                 
0     000001cc  main                  


GLOBAL SYMBOLS: SORTED BY Symbol Address 

page  address   name                  
----  -------   ----                  
0     00000000  _c_int00_noinit_noargs
0     0000001c  IntEventMap           
0     00000154  InterruptInit         
0     000001cc  main                  
0     000001f8  IntEventEnable        
0     00000218  IntHostEnable         
0     00000238  IntSystemEventClear   
0     00000258  IntSystemEventGenerate
0     00000274  IntGlobalEnable       
0     00000288  IntHostStatusClear    
0     00000298  abort                 
0     000002a0  C$$EXIT               
1     00000000  _stack                
1     00000080  __TI_STACK_END        
abs   00000080  __TI_STACK_SIZE       
abs   ffffffff  __c_args__            

[16 symbols]
