******************************************************************************
                     PRU Linker PC v2.3.3                      
******************************************************************************
>> Linked Wed Apr 27 16:35:56 2022

OUTPUT FILE NAME:   <[PRU] PRU_DSP_SharedRegion.out>
ENTRY POINT SYMBOL: "_c_int00_noinit_noargs"  address: 00000000


MEMORY CONFIGURATION

         name            origin    length      used     unused   attr    fill
----------------------  --------  ---------  --------  --------  ----  --------
PAGE 0:
  PRUIRAM               00000000   00001000  00000300  00000d00  RWIX

PAGE 1:
  PRUDRAM               00000000   00000200  00000084  0000017c  RWIX


SECTION ALLOCATION MAP

 output                                  attributes/
section   page    origin      length       input sections
--------  ----  ----------  ----------   ----------------
.text:_c_int00* 
*          0    00000000    0000001c     
                  00000000    0000001c     rtspruv1_le.lib : boot.c.obj (.text:_c_int00_noinit_noargs)

.text      0    0000001c    000002e4     
                  0000001c    00000138     Interrupt.lib : interrupt.obj (.text:IntEventMap)
                  00000154    000000b8     main.obj (.text:main)
                  0000020c    00000044     main.obj (.text:InterruptInit)
                  00000250    00000020     Interrupt.lib : interrupt.obj (.text:IntEventEnable)
                  00000270    00000020                   : interrupt.obj (.text:IntHostEnable)
                  00000290    00000020                   : interrupt.obj (.text:IntSystemEventClear)
                  000002b0    0000001c                   : interrupt.obj (.text:IntSystemEventGenerate)
                  000002cc    00000014                   : interrupt.obj (.text:IntGlobalEnable)
                  000002e0    00000010                   : interrupt.obj (.text:IntHostStatusClear)
                  000002f0    00000008     rtspruv1_le.lib : exit.c.obj (.text:abort)
                  000002f8    00000008                     : exit.c.obj (.text:loader_exit)

.cinit     0    00000000    00000000     UNINITIALIZED

.stack     1    00000000    00000080     UNINITIALIZED
                  00000000    00000004     rtspruv1_le.lib : boot.c.obj (.stack)
                  00000004    0000007c     --HOLE--

.bss       1    00000080    00000004     UNINITIALIZED
                  00000080    00000004     (.common:sr)

MODULE SUMMARY

       Module          code   ro data   rw data
       ------          ----   -------   -------
    .\
       main.obj        252    0         4      
    +--+---------------+------+---------+---------+
       Total:          252    0         4      
                                               
    ../../Library/PRU/Interrupt/Debug/Interrupt.lib
       interrupt.obj   472    0         0      
    +--+---------------+------+---------+---------+
       Total:          472    0         0      
                                               
    C:\ti\ti-cgt-pru_2.3.3\lib\rtspruv1_le.lib
       boot.c.obj      28     0         0      
       exit.c.obj      16     0         0      
    +--+---------------+------+---------+---------+
       Total:          44     0         0      
                                               
       Stack:          0      0         128    
    +--+---------------+------+---------+---------+
       Grand Total:    768    0         132    


SEGMENT ATTRIBUTES

    id tag      seg value
    -- ---      --- -----
     0 PHA_PAGE 1   1    


GLOBAL SYMBOLS: SORTED ALPHABETICALLY BY Name 

page  address   name                  
----  -------   ----                  
0     000002f8  C$$EXIT               
0     00000250  IntEventEnable        
0     0000001c  IntEventMap           
0     000002cc  IntGlobalEnable       
0     00000270  IntHostEnable         
0     000002e0  IntHostStatusClear    
0     00000290  IntSystemEventClear   
0     000002b0  IntSystemEventGenerate
0     0000020c  InterruptInit         
1     00000080  __TI_STACK_END        
abs   00000080  __TI_STACK_SIZE       
abs   ffffffff  __c_args__            
0     00000000  _c_int00_noinit_noargs
1     00000000  _stack                
0     000002f0  abort                 
0     00000154  main                  
1     00000080  sr                    


GLOBAL SYMBOLS: SORTED BY Symbol Address 

page  address   name                  
----  -------   ----                  
0     00000000  _c_int00_noinit_noargs
0     0000001c  IntEventMap           
0     00000154  main                  
0     0000020c  InterruptInit         
0     00000250  IntEventEnable        
0     00000270  IntHostEnable         
0     00000290  IntSystemEventClear   
0     000002b0  IntSystemEventGenerate
0     000002cc  IntGlobalEnable       
0     000002e0  IntHostStatusClear    
0     000002f0  abort                 
0     000002f8  C$$EXIT               
1     00000000  _stack                
1     00000080  __TI_STACK_END        
1     00000080  sr                    
abs   00000080  __TI_STACK_SIZE       
abs   ffffffff  __c_args__            

[17 symbols]
