******************************************************************************
               TMS320C6x Linker PC v8.3.12                     
******************************************************************************
>> Linked Tue Apr 26 17:29:05 2022

OUTPUT FILE NAME:   <[DSP] PRU_DSP_INT.out>
ENTRY POINT SYMBOL: "_c_int00"  address: 11803040


MEMORY CONFIGURATION

         name            origin    length      used     unused   attr    fill
----------------------  --------  ---------  --------  --------  ----  --------
  DSPL2RAM              11800000   00040000  0000441d  0003bbe3  RWIX
  SHRAM                 80000000   00020000  00000000  00020000  RWIX
  DDR2                  c0000000   08000000  00000000  08000000  RWIX


SEGMENT ALLOCATION MAP

run origin  load origin   length   init length attrs members
----------  ----------- ---------- ----------- ----- -------
11800000    11800000    00003180   00003180    r-x
  11800000    11800000    00003180   00003180    r-x .text
11803180    11803180    00001240   00000000    rw-
  11803180    11803180    00001000   00000000    rw- .stack
  11804180    11804180    00000240   00000000    rw- .far
118043c0    118043c0    00000010   00000010    r--
  118043c0    118043c0    00000010   00000010    r-- .switch
118043d0    118043d0    0000000d   00000000    rw-
  118043d0    118043d0    0000000c   00000000    rw- .fardata
  118043dc    118043dc    00000001   00000000    rw- .neardata
118043e0    118043e0    00000040   00000040    r--
  118043e0    118043e0    00000040   00000040    r-- .cinit


SECTION ALLOCATION MAP

 output                                  attributes/
section   page    origin      length       input sections
--------  ----  ----------  ----------   ----------------
.text      0    11800000    00003180     
                  11800000    00001aa0     system_config.lib : interrupt.obj (.text:retain)
                  11801aa0    000005e0                       : interrupt.obj (.text)
                  11802080    000005c0     drivers.lib : gpio.obj (.text)
                  11802640    000001a0     main.obj (.text)
                  118027e0    00000020     rts6740_elf.lib : startup.c.obj (.text:_system_post_cinit)
                  11802800    00000200     system_config.lib : intvecs.obj (.text)
                  11802a00    00000160     drivers.lib : psc.obj (.text)
                  11802b60    00000100     rts6740_elf.lib : copy_decompress_rle.c.obj (.text:__TI_decompress_rle_core)
                  11802c60    000000e0                     : exit.c.obj (.text:exit)
                  11802d40    000000e0                     : memset.c.obj (.text:memset)
                  11802e20    000000c0                     : autoinit.c.obj (.text:__TI_auto_init_nobinit_nopinit:__TI_auto_init_nobinit_nopinit)
                  11802ee0    000000c0                     : tls.c.obj (.text:tls:init:__TI_tls_init)
                  11802fa0    000000a0                     : memcpy64.asm.obj (.text:memcpy)
                  11803040    00000080                     : boot.c.obj (.text:_c_int00)
                  118030c0    00000040                     : args_main.c.obj (.text:_args_main)
                  11803100    00000020                     : pre_init.c.obj (.text:_system_pre_init)
                  11803120    00000020                     : exit.c.obj (.text:abort)
                  11803140    00000020                     : copy_decompress_none.c.obj (.text:decompress:none:__TI_decompress_none)
                  11803160    00000020                     : copy_decompress_rle.c.obj (.text:decompress:rle24:__TI_decompress_rle24)

.stack     0    11803180    00001000     UNINITIALIZED
                  11803180    00000008     rts6740_elf.lib : boot.c.obj (.stack)
                  11803188    00000ff8     --HOLE--

.switch    0    118043c0    00000010     
                  118043c0    00000010     drivers.lib : gpio.obj (.switch:GPIOIntTypeSet)

.far       0    11804180    00000240     UNINITIALIZED
                  11804180    00000240     system_config.lib : interrupt.obj (.far)

.cinit     0    118043e0    00000040     
                  118043e0    0000000d     (.cinit..fardata.load) [load image, compression = rle]
                  118043ed    0000000b     (.cinit..far.load) [load image, compression = rle]
                  118043f8    00000008     (__TI_handler_table)
                  11804400    00000007     (.cinit..neardata.load) [load image, compression = rle]
                  11804407    00000001     --HOLE-- [fill = 0]
                  11804408    00000018     (__TI_cinit_table)

.init_array 
*          0    11800000    00000000     UNINITIALIZED

.fardata   0    118043d0    0000000c     UNINITIALIZED
                  118043d0    0000000c     rts6740_elf.lib : exit.c.obj (.fardata)

.neardata 
*          0    118043dc    00000001     UNINITIALIZED
                  118043dc    00000001     main.obj (.neardata)

.rodata    0    118043dd    00000000     UNINITIALIZED

.bss       0    118043dd    00000000     UNINITIALIZED

MODULE SUMMARY

       Module                       code    ro data   rw data
       ------                       ----    -------   -------
    .\
       main.obj                     416     0         1      
    +--+----------------------------+-------+---------+---------+
       Total:                       416     0         1      
                                                             
    ../../Library/DSP/StarterWare/Drivers/Debug/drivers.lib
       gpio.obj                     1472    16        0      
       psc.obj                      352     0         0      
    +--+----------------------------+-------+---------+---------+
       Total:                       1824    16        0      
                                                             
    ../../Library/DSP/StarterWare/SystemConfig/Debug/system_config.lib
       interrupt.obj                8320    0         576    
       intvecs.obj                  512     0         0      
    +--+----------------------------+-------+---------+---------+
       Total:                       8832    0         576    
                                                             
    C:\ti\ti-cgt-c6000_8.3.12\lib\rts6740_elf.lib
       copy_decompress_rle.c.obj    288     0         0      
       exit.c.obj                   256     0         12     
       memset.c.obj                 224     0         0      
       autoinit.c.obj               192     0         0      
       tls.c.obj                    192     0         0      
       memcpy64.asm.obj             160     0         0      
       boot.c.obj                   128     0         0      
       args_main.c.obj              64      0         0      
       copy_decompress_none.c.obj   32      0         0      
       pre_init.c.obj               32      0         0      
       startup.c.obj                32      0         0      
    +--+----------------------------+-------+---------+---------+
       Total:                       1600    0         12     
                                                             
       Stack:                       0       0         4096   
       Linker Generated:            0       63        0      
    +--+----------------------------+-------+---------+---------+
       Grand Total:                 12672   79        4685   


LINKER GENERATED COPY TABLES

__TI_cinit_table @ 11804408 records: 3, size/record: 8, table size: 24
	.fardata: load addr=118043e0, load size=0000000d bytes, run addr=118043d0, run size=0000000c bytes, compression=rle
	.far: load addr=118043ed, load size=0000000b bytes, run addr=11804180, run size=00000240 bytes, compression=rle
	.neardata: load addr=11804400, load size=00000007 bytes, run addr=118043dc, run size=00000001 bytes, compression=rle


LINKER GENERATED HANDLER TABLE

__TI_handler_table @ 118043f8 records: 2, size/record: 4, table size: 8
	index: 0, handler: __TI_decompress_rle24
	index: 1, handler: __TI_decompress_none


GLOBAL SYMBOLS: SORTED ALPHABETICALLY BY Name 

address   name                           
-------   ----                           
11803120  C$$EXIT                        
11801ef8  ExcCombineAdd                  
11801f40  ExcCombineRemove               
11801ed8  ExcGlobalEnable                
118043dc  Flag                           
11802554  GPIOBankIntDisable             
11802528  GPIOBankIntEnable              
11802584  GPIOBankPinsWrite              
11802120  GPIODirModeGet                 
11802080  GPIODirModeSet                 
118023e0  GPIOIntTypeGet                 
1180226c  GPIOIntTypeSet                 
118024d8  GPIOPinIntClear                
11802470  GPIOPinIntStatus               
11802208  GPIOPinRead                    
11802184  GPIOPinWrite                   
11801aa0  IntDSPINTCInit                 
11801e50  IntDisable                     
11801e20  IntEnable                      
11801c18  IntEventClear                  
11801d54  IntEventCombineAdd             
11801c50  IntEventCombineInit            
11801df8  IntEventCombineRegister        
11801da8  IntEventCombineRemove          
11801b5c  IntEventMap                    
11801be4  IntEventSet                    
11801eac  IntGlobalDisable               
11801e98  IntGlobalEnable                
11801ec0  IntGlobalRestore               
11801b10  IntRegister                    
11801e84  IntReset                       
11801b34  IntUnRegister                  
118026f8  InterruptInit                  
118026e4  PRUIsr                         
11802a00  PSCModuleControl               
11804408  __TI_CINIT_Base                
11804420  __TI_CINIT_Limit               
118043f8  __TI_Handler_Table_Base        
11804400  __TI_Handler_Table_Limit       
11804180  __TI_STACK_END                 
00001000  __TI_STACK_SIZE                
118043dc  __TI_STATIC_BASE               
UNDEFED   __TI_TLS_INIT_Base             
UNDEFED   __TI_TLS_INIT_Limit            
11802e20  __TI_auto_init_nobinit_nopinit 
118043d0  __TI_cleanup_ptr               
11803140  __TI_decompress_none           
11803160  __TI_decompress_rle24          
118043d4  __TI_dtors_ptr                 
118043d8  __TI_enable_exit_profile_output
ffffffff  __TI_pprof_out_hndl            
ffffffff  __TI_prof_data_size            
ffffffff  __TI_prof_data_start           
11802ee0  __TI_tls_init                  
ffffffff  __binit__                      
ffffffff  __c_args__                     
118030c0  _args_main                     
11800ff8  _c674x_mask_int10_isr          
118011c0  _c674x_mask_int11_isr          
11801384  _c674x_mask_int12_isr          
11801548  _c674x_mask_int13_isr          
11801710  _c674x_mask_int14_isr          
118018d8  _c674x_mask_int15_isr          
11800550  _c674x_mask_int4_isr           
11800718  _c674x_mask_int5_isr           
118008e0  _c674x_mask_int6_isr           
11800aa4  _c674x_mask_int7_isr           
11800c68  _c674x_mask_int8_isr           
11800e30  _c674x_mask_int9_isr           
11800000  _c674x_nmi_isr                 
118001c4  _c674x_rsvd_int2_isr           
11800388  _c674x_rsvd_int3_isr           
11803040  _c_int00                       
11802800  _intcVectorTable               
11803180  _stack                         
118027e0  _system_post_cinit             
11803100  _system_pre_init               
11803120  abort                          
ffffffff  binit                          
11802c60  exit                           
11802734  main                           
11802fa0  memcpy                         
11802d40  memset                         


GLOBAL SYMBOLS: SORTED BY Symbol Address 

address   name                           
-------   ----                           
00001000  __TI_STACK_SIZE                
11800000  _c674x_nmi_isr                 
118001c4  _c674x_rsvd_int2_isr           
11800388  _c674x_rsvd_int3_isr           
11800550  _c674x_mask_int4_isr           
11800718  _c674x_mask_int5_isr           
118008e0  _c674x_mask_int6_isr           
11800aa4  _c674x_mask_int7_isr           
11800c68  _c674x_mask_int8_isr           
11800e30  _c674x_mask_int9_isr           
11800ff8  _c674x_mask_int10_isr          
118011c0  _c674x_mask_int11_isr          
11801384  _c674x_mask_int12_isr          
11801548  _c674x_mask_int13_isr          
11801710  _c674x_mask_int14_isr          
118018d8  _c674x_mask_int15_isr          
11801aa0  IntDSPINTCInit                 
11801b10  IntRegister                    
11801b34  IntUnRegister                  
11801b5c  IntEventMap                    
11801be4  IntEventSet                    
11801c18  IntEventClear                  
11801c50  IntEventCombineInit            
11801d54  IntEventCombineAdd             
11801da8  IntEventCombineRemove          
11801df8  IntEventCombineRegister        
11801e20  IntEnable                      
11801e50  IntDisable                     
11801e84  IntReset                       
11801e98  IntGlobalEnable                
11801eac  IntGlobalDisable               
11801ec0  IntGlobalRestore               
11801ed8  ExcGlobalEnable                
11801ef8  ExcCombineAdd                  
11801f40  ExcCombineRemove               
11802080  GPIODirModeSet                 
11802120  GPIODirModeGet                 
11802184  GPIOPinWrite                   
11802208  GPIOPinRead                    
1180226c  GPIOIntTypeSet                 
118023e0  GPIOIntTypeGet                 
11802470  GPIOPinIntStatus               
118024d8  GPIOPinIntClear                
11802528  GPIOBankIntEnable              
11802554  GPIOBankIntDisable             
11802584  GPIOBankPinsWrite              
118026e4  PRUIsr                         
118026f8  InterruptInit                  
11802734  main                           
118027e0  _system_post_cinit             
11802800  _intcVectorTable               
11802a00  PSCModuleControl               
11802c60  exit                           
11802d40  memset                         
11802e20  __TI_auto_init_nobinit_nopinit 
11802ee0  __TI_tls_init                  
11802fa0  memcpy                         
11803040  _c_int00                       
118030c0  _args_main                     
11803100  _system_pre_init               
11803120  C$$EXIT                        
11803120  abort                          
11803140  __TI_decompress_none           
11803160  __TI_decompress_rle24          
11803180  _stack                         
11804180  __TI_STACK_END                 
118043d0  __TI_cleanup_ptr               
118043d4  __TI_dtors_ptr                 
118043d8  __TI_enable_exit_profile_output
118043dc  Flag                           
118043dc  __TI_STATIC_BASE               
118043f8  __TI_Handler_Table_Base        
11804400  __TI_Handler_Table_Limit       
11804408  __TI_CINIT_Base                
11804420  __TI_CINIT_Limit               
ffffffff  __TI_pprof_out_hndl            
ffffffff  __TI_prof_data_size            
ffffffff  __TI_prof_data_start           
ffffffff  __binit__                      
ffffffff  __c_args__                     
ffffffff  binit                          
UNDEFED   __TI_TLS_INIT_Base             
UNDEFED   __TI_TLS_INIT_Limit            

[83 symbols]
